┌ Warning: get_previous_influence not overloaded for type GravitationalSystem{Float64}; relative error prediction will not be used
└ @ FastMultipole ~/.julia/packages/FastMultipole/1XkJp/src/compatibility.jl:67
ERROR: LoadError: MethodError: no method matching get_gradient(::Matrix{Float64}, ::DerivativesSwitch{false, true, false}, ::Int64)
The function `get_gradient` exists, but no method is defined for this combination of argument types.

Closest candidates are:
  get_gradient(::AbstractMatrix{TF}, ::Any) where TF
   @ FastMultipole ~/.julia/packages/FastMultipole/1XkJp/src/compatibility.jl:514

Stacktrace:
  [1] buffer_to_target_system!(target_system::GravitationalSystem{Float64}, i_target::Int64, switch::DerivativesSwitch{false, true, false}, target_buffer::Matrix{Float64}, i_buffer::Int64)
    @ Main ~/Julia/NBodySim/fmm.jl:102
  [2] buffer_to_target!
    @ ~/.julia/packages/FastMultipole/1XkJp/src/compatibility.jl:372 [inlined]
  [3] buffer_to_target!
    @ ~/.julia/packages/FastMultipole/1XkJp/src/compatibility.jl:361 [inlined]
  [4] buffer_to_target!(target_systems::Tuple{GravitationalSystem{Float64}}, target_buffers::Tuple{Matrix{Float64}}, derivatives_switches::Tuple{DerivativesSwitch{false, true, false}}, sort_index_list::Tuple{Vector{Int64}})
    @ FastMultipole ~/.julia/packages/FastMultipole/1XkJp/src/compatibility.jl:360
  [5] buffer_to_target!
    @ ~/.julia/packages/FastMultipole/1XkJp/src/compatibility.jl:356 [inlined]
  [6] fmm!(target_systems::Tuple{GravitationalSystem{Float64}}, target_tree::Tree{Float64, 1}, source_systems::Tuple{GravitationalSystem{Float64}}, source_tree::Tree{Float64, 1}, leaf_size_source::SVector{1, Int64}, m2l_list::Vector{SVector{2, Int32}}, direct_list::Vector{SVector{2, Int32}}, derivatives_switches::Tuple{DerivativesSwitch{false, true, false}}, interaction_list_method::FastMultipole.SelfTuningTargetStop; expansion_order::Int64, error_tolerance::Nothing, upward_pass::Bool, horizontal_pass::Bool, downward_pass::Bool, horizontal_pass_verbose::Bool, reset_target_tree::Bool, reset_source_tree::Bool, nearfield_device::Bool, tune::Bool, update_target_systems::Bool, multipole_acceptance::Float64, t_source_tree::Float64, t_target_tree::Float64, t_lists::Float64, silence_warnings::Bool)
    @ FastMultipole ~/.julia/packages/FastMultipole/1XkJp/src/fmm.jl:1087
  [7] fmm!(target_systems::Tuple{GravitationalSystem{Float64}}, target_tree::Tree{Float64, 1}, source_systems::Tuple{GravitationalSystem{Float64}}, source_tree::Tree{Float64, 1}; leaf_size_source::SVector{1, Int64}, multipole_acceptance::Float64, scalar_potential::Bool, gradient::Bool, hessian::Bool, farfield::Bool, nearfield::Bool, self_induced::Bool, interaction_list_method::FastMultipole.SelfTuningTargetStop, t_source_tree::Float64, t_target_tree::Float64, optargs::@Kwargs{expansion_order::Int64, error_tolerance::Nothing, silence_warnings::Bool})
    @ FastMultipole ~/.julia/packages/FastMultipole/1XkJp/src/fmm.jl:921
  [8] fmm!
    @ ~/.julia/packages/FastMultipole/1XkJp/src/fmm.jl:890 [inlined]
  [9] #fmm!#180
    @ ~/.julia/packages/FastMultipole/1XkJp/src/fmm.jl:887 [inlined]
 [10] fmm!
    @ ~/.julia/packages/FastMultipole/1XkJp/src/fmm.jl:863 [inlined]
 [11] #fmm!#179
    @ ~/.julia/packages/FastMultipole/1XkJp/src/fmm.jl:815 [inlined]
 [12] fmm!
    @ ~/.julia/packages/FastMultipole/1XkJp/src/fmm.jl:810 [inlined]
 [13] fmm! (repeats 2 times)
    @ ~/.julia/packages/FastMultipole/1XkJp/src/fmm.jl:808 [inlined]
 [14] simulation_step!(pos::Matrix{Float64}, vel::Matrix{Float64}, masses::Vector{Float64}, Δt::Float64)
    @ Main ~/Julia/NBodySim/fmm.jl:108
 [15] (::var"#6#7")()
    @ Main ~/Julia/NBodySim/fmm.jl:139
 [16] compile_with_spinner(func::var"#6#7", message::String)
    @ Main ~/Julia/NBodySim/fmm.jl:132
 [17] top-level scope
    @ ~/Julia/NBodySim/fmm.jl:137
in expression starting at /home/s/stavross/Julia/NBodySim/fmm.jl:137
