ERROR: LoadError: MethodError: no method matching iterate(::Nothing)
The function `iterate` exists, but no method is defined for this combination of argument types.

Closest candidates are:
  iterate(!Matched::LibGit2.GitRevWalker)
   @ LibGit2 /mnt/apps/aristotle/site/linux-rocky9-x86_64/gcc-14.2.0/julia-1.11.3-cd6ao7vkixnampgzn3iuc5dua26aws7v/share/julia/stdlib/v1.11/LibGit2/src/walker.jl:29
  iterate(!Matched::LibGit2.GitRevWalker, !Matched::Any)
   @ LibGit2 /mnt/apps/aristotle/site/linux-rocky9-x86_64/gcc-14.2.0/julia-1.11.3-cd6ao7vkixnampgzn3iuc5dua26aws7v/share/julia/stdlib/v1.11/LibGit2/src/walker.jl:29
  iterate(!Matched::DelaunayTriangulation.RTreeIntersectionIterator)
   @ DelaunayTriangulation ~/.julia/packages/DelaunayTriangulation/iZKpa/src/algorithms/intersections/rtree.jl:490
  ...

Stacktrace:
  [1] indexed_iterate(I::Nothing, i::Int64)
    @ Base ./tuple.jl:162
  [2] target_to_buffer!(buffer::Matrix{Float64}, system::GravitationalSystem{Float64}, target::Bool, sort_index::UnitRange{Int64})
    @ FastMultipole ~/.julia/packages/FastMultipole/1XkJp/src/compatibility.jl:391
  [3] target_to_buffer!
    @ ~/.julia/packages/FastMultipole/1XkJp/src/compatibility.jl:379 [inlined]
  [4] target_to_buffer!
    @ ~/.julia/packages/FastMultipole/1XkJp/src/compatibility.jl:378 [inlined]
  [5] Tree(systems::Tuple{GravitationalSystem{Float64}}, target::Bool, TF::Type; buffers::Tuple{Matrix{Float64}}, small_buffers::Vector{Matrix{Float64}}, expansion_order::Int64, leaf_size::SVector{1, Int64}, n_divisions::Int64, shrink_recenter::Bool, allocation_safety_factor::Float64, estimate_cost::Bool, read_cost_file::Bool, write_cost_file::Bool, interaction_list_method::FastMultipole.SelfTuningTargetStop)
    @ FastMultipole ~/.julia/packages/FastMultipole/1XkJp/src/tree.jl:57
  [6] Tree
    @ ~/.julia/packages/FastMultipole/1XkJp/src/tree.jl:5 [inlined]
  [7] macro expansion
    @ ./timing.jl:421 [inlined]
  [8] #fmm!#180
    @ ~/.julia/packages/FastMultipole/1XkJp/src/fmm.jl:881 [inlined]
  [9] fmm!
    @ ~/.julia/packages/FastMultipole/1XkJp/src/fmm.jl:863 [inlined]
 [10] #fmm!#179
    @ ~/.julia/packages/FastMultipole/1XkJp/src/fmm.jl:815 [inlined]
 [11] fmm!
    @ ~/.julia/packages/FastMultipole/1XkJp/src/fmm.jl:810 [inlined]
 [12] fmm! (repeats 2 times)
    @ ~/.julia/packages/FastMultipole/1XkJp/src/fmm.jl:808 [inlined]
 [13] simulation_step!(pos::Matrix{Float64}, vel::Matrix{Float64}, masses::Vector{Float64}, Δt::Float64)
    @ Main ~/Julia/NBodySim/fmm.jl:109
 [14] (::var"#6#7")()
    @ Main ~/Julia/NBodySim/fmm.jl:140
 [15] compile_with_spinner(func::var"#6#7", message::String)
    @ Main ~/Julia/NBodySim/fmm.jl:133
 [16] top-level scope
    @ ~/Julia/NBodySim/fmm.jl:138
in expression starting at /home/s/stavross/Julia/NBodySim/fmm.jl:138
