┌ Warning: get_previous_influence not overloaded for type GravitationalSystem{Float64}; relative error prediction will not be used
└ @ FastMultipole ~/.julia/packages/FastMultipole/1XkJp/src/compatibility.jl:67
ERROR: LoadError: UndefVarError: `Point` not defined in `Main`
Hint: It looks like two or more modules export different bindings with this name, resulting in ambiguity. Try explicitly importing it from a particular module, or qualifying the name with the module it should come from.
Hint: a global variable of this name may be made accessible by importing GeometryBasics in the current active module Main
Hint: a global variable of this name also exists in Makie.
Hint: a global variable of this name may be made accessible by importing Graphics in the current active module Main
Hint: a global variable of this name also exists in CairoMakie.
Hint: a global variable of this name also exists in FastMultipole.
Stacktrace:
  [1] body_to_multipole!(::GravitationalSystem{Float64}, ::SubArray{Float64, 3, Array{Float64, 4}, Tuple{Base.Slice{Base.OneTo{Int64}}, Base.Slice{Base.OneTo{Int64}}, Base.Slice{Base.OneTo{Int64}}, Int64}, true}, ::Matrix{Float64}, ::SVector{3, Float64}, ::UnitRange{Int64}, ::Array{Float64, 3}, ::Int64)
    @ Main ~/Julia/NBodySim/fmm.jl:69
  [2] body_to_multipole!
    @ ~/.julia/packages/FastMultipole/1XkJp/src/bodytomultipole.jl:24 [inlined]
  [3] upward_pass_singlethread_1!
    @ ~/.julia/packages/FastMultipole/1XkJp/src/fmm.jl:259 [inlined]
  [4] upward_pass_singlethread!(tree::Tree{Float64, 1}, systems::Tuple{GravitationalSystem{Float64}}, expansion_order::Int64, lamb_helmholtz::Val{false})
    @ FastMultipole ~/.julia/packages/FastMultipole/1XkJp/src/fmm.jl:288
  [5] macro expansion
    @ ./timing.jl:421 [inlined]
  [6] fmm!(target_systems::Tuple{GravitationalSystem{Float64}}, target_tree::Tree{Float64, 1}, source_systems::Tuple{GravitationalSystem{Float64}}, source_tree::Tree{Float64, 1}, leaf_size_source::SVector{1, Int64}, m2l_list::Vector{SVector{2, Int32}}, direct_list::Vector{SVector{2, Int32}}, derivatives_switches::Tuple{DerivativesSwitch{false, true, false}}, interaction_list_method::FastMultipole.SelfTuningTargetStop; expansion_order::Int64, error_tolerance::Nothing, upward_pass::Bool, horizontal_pass::Bool, downward_pass::Bool, horizontal_pass_verbose::Bool, reset_target_tree::Bool, reset_source_tree::Bool, nearfield_device::Bool, tune::Bool, update_target_systems::Bool, multipole_acceptance::Float64, t_source_tree::Float64, t_target_tree::Float64, t_lists::Float64, silence_warnings::Bool)
    @ FastMultipole ~/.julia/packages/FastMultipole/1XkJp/src/fmm.jl:1063
  [7] fmm!(target_systems::Tuple{GravitationalSystem{Float64}}, target_tree::Tree{Float64, 1}, source_systems::Tuple{GravitationalSystem{Float64}}, source_tree::Tree{Float64, 1}; leaf_size_source::SVector{1, Int64}, multipole_acceptance::Float64, scalar_potential::Bool, gradient::Bool, hessian::Bool, farfield::Bool, nearfield::Bool, self_induced::Bool, interaction_list_method::FastMultipole.SelfTuningTargetStop, t_source_tree::Float64, t_target_tree::Float64, optargs::@Kwargs{expansion_order::Int64, error_tolerance::Nothing, silence_warnings::Bool})
    @ FastMultipole ~/.julia/packages/FastMultipole/1XkJp/src/fmm.jl:921
  [8] fmm!
    @ ~/.julia/packages/FastMultipole/1XkJp/src/fmm.jl:890 [inlined]
  [9] #fmm!#180
    @ ~/.julia/packages/FastMultipole/1XkJp/src/fmm.jl:887 [inlined]
 [10] fmm!
    @ ~/.julia/packages/FastMultipole/1XkJp/src/fmm.jl:863 [inlined]
 [11] #fmm!#179
    @ ~/.julia/packages/FastMultipole/1XkJp/src/fmm.jl:815 [inlined]
 [12] fmm!
    @ ~/.julia/packages/FastMultipole/1XkJp/src/fmm.jl:810 [inlined]
 [13] fmm! (repeats 2 times)
    @ ~/.julia/packages/FastMultipole/1XkJp/src/fmm.jl:808 [inlined]
 [14] simulation_step!(pos::Matrix{Float64}, vel::Matrix{Float64}, masses::Vector{Float64}, Δt::Float64)
    @ Main ~/Julia/NBodySim/fmm.jl:108
 [15] (::var"#6#7")()
    @ Main ~/Julia/NBodySim/fmm.jl:139
 [16] compile_with_spinner(func::var"#6#7", message::String)
    @ Main ~/Julia/NBodySim/fmm.jl:132
 [17] top-level scope
    @ ~/Julia/NBodySim/fmm.jl:137
in expression starting at /home/s/stavross/Julia/NBodySim/fmm.jl:137
